This is pdfTeX, Version 3.141592653-2.6-1.40.29 (TeX Live 2026) (preloaded format=pdflatex 2026.9.5)  5 SEP 2026 12:11
entering extended mode
 restricted \write18 enabled.
 file:line:error style messages enabled.
 %&-line parsing enabled.
**c:/Users/themo/Downloads/Research_Methodology_Assignment_1/main.tex
(c:/Users/themo/Downloads/Research_Methodology_Assignment_1/main.tex
LaTeX2e <2026-06-01>
L3 programming layer <2026-08-10>
(c:/texlive/2026/texmf-dist/tex/latex/base/article.cls
Document Class: article 2025/01/22 v1.4n Standard LaTeX document class
(c:/texlive/2026/texmf-dist/tex/latex/base/size12.clo
File: size12.clo 2025/01/22 v1.4n Standard LaTeX file (size option)
)
\c@part=\count276
\c@section=\count277
\c@subsection=\count278
\c@subsubsection=\count279
\c@paragraph=\count280
\c@subparagraph=\count281
\c@figure=\count282
\c@table=\count283
\abovecaptionskip=\skip49
\belowcaptionskip=\skip50
\bibindent=\dimen150
) (c:/texlive/2026/texmf-dist/tex/latex/geometry/geometry.sty
Package: geometry 2026/03/07 v6.0 Page Geometry
 (c:/texlive/2026/texmf-dist/tex/latex/graphics/keyval.sty
Package: keyval 2026-05-17 v1.15 key=value parser (DPC)
\KV@toks@=\toks17
) (c:/texlive/2026/texmf-dist/tex/generic/iftex/ifvtex.sty
Package: ifvtex 2019/10/25 v1.7 ifvtex legacy package. Use iftex instead.
 (c:/texlive/2026/texmf-dist/tex/generic/iftex/iftex.sty
Package: iftex 2024/12/12 v1.0g TeX engine tests
))
\Gm@cnth=\count284
\Gm@cntv=\count285
\c@Gm@tempcnt=\count286
\Gm@bindingoffset=\dimen151
\Gm@wd@mp=\dimen152
\Gm@odd@mp=\dimen153
\Gm@even@mp=\dimen154
\Gm@layoutwidth=\dimen155
\Gm@layoutheight=\dimen156
\Gm@layouthoffset=\dimen157
\Gm@layoutvoffset=\dimen158
\Gm@dimlist=\toks18
) (c:/texlive/2026/texmf-dist/tex/latex/graphics/graphicx.sty
Package: graphicx 2026-05-17 v1.2e Enhanced LaTeX Graphics (DPC,SPQR)
 (c:/texlive/2026/texmf-dist/tex/latex/graphics/graphics.sty
Package: graphics 2026-05-17 v1.4h Standard LaTeX Graphics (DPC,SPQR)
 (c:/texlive/2026/texmf-dist/tex/latex/graphics/trig.sty
Package: trig 2023/12/02 v1.11 sin cos tan (DPC)
) (c:/texlive/2026/texmf-dist/tex/latex/graphics-cfg/graphics.cfg
File: graphics.cfg 2016/06/04 v1.11 sample graphics configuration
)
Package graphics Info: Driver file: pdftex.def on input line 106.
 (c:/texlive/2026/texmf-dist/tex/latex/graphics-def/pdftex.def
File: pdftex.def 2025/09/29 v1.2d Graphics/color driver for pdftex
))
\Gin@req@height=\dimen159
\Gin@req@width=\dimen160
) (c:/texlive/2026/texmf-dist/tex/latex/amsmath/amsmath.sty
Package: amsmath 2026/05/19 v2.18d AMS math features
\@mathmargin=\skip51

For additional information on amsmath, use the `?' option.
(c:/texlive/2026/texmf-dist/tex/latex/amsmath/amstext.sty
Package: amstext 2024/11/17 v2.01 AMS text
 (c:/texlive/2026/texmf-dist/tex/latex/amsmath/amsgen.sty
File: amsgen.sty 1999/11/30 v2.0 generic functions
\@emptytoks=\toks19
\ex@=\dimen161
)) (c:/texlive/2026/texmf-dist/tex/latex/amsmath/amsbsy.sty
Package: amsbsy 1999/11/29 v1.2d Bold Symbols
\pmbraise@=\dimen162
) (c:/texlive/2026/texmf-dist/tex/latex/amsmath/amsopn.sty
Package: amsopn 2022/04/08 v2.04 operator names
)
\inf@bad=\count287
LaTeX Info: Redefining \frac on input line 233.
\uproot@=\count288
\leftroot@=\count289
LaTeX Info: Redefining \overline on input line 398.
LaTeX Info: Redefining \colon on input line 409.
\classnum@=\count290
\DOTSCASE@=\count291
LaTeX Info: Redefining \ldots on input line 495.
LaTeX Info: Redefining \dots on input line 498.
LaTeX Info: Redefining \cdots on input line 619.
\Mathstrutbox@=\box53
\strutbox@=\box54
LaTeX Info: Redefining \big on input line 721.
LaTeX Info: Redefining \Big on input line 722.
LaTeX Info: Redefining \bigg on input line 723.
LaTeX Info: Redefining \Bigg on input line 724.
\big@size=\dimen163
LaTeX Font Info:    Redeclaring font encoding OML on input line 742.
LaTeX Font Info:    Redeclaring font encoding OMS on input line 743.
\macc@depth=\count292
LaTeX Info: Redefining \bmod on input line 904.
LaTeX Info: Redefining \pmod on input line 909.
LaTeX Info: Redefining \smash on input line 939.
LaTeX Info: Redefining \relbar on input line 969.
LaTeX Info: Redefining \Relbar on input line 970.
\c@MaxMatrixCols=\count293
\dotsspace@=\muskip17
\c@parentequation=\count294
\dspbrk@lvl=\count295
\tag@help=\toks20
\row@=\count296
\column@=\count297
\maxfields@=\count298
\andhelp@=\toks21
\eqnshift@=\dimen164
\alignsep@=\dimen165
\tagshift@=\dimen166
\tagwidth@=\dimen167
\totwidth@=\dimen168
\lineht@=\dimen169
\@envbody=\toks22
\multlinegap=\skip52
\multlinetaggap=\skip53
\mathdisplay@stack=\toks23
LaTeX Info: Redefining \[ on input line 2965.
LaTeX Info: Redefining \] on input line 2966.
) (c:/texlive/2026/texmf-dist/tex/latex/amsfonts/amssymb.sty
Package: amssymb 2013/01/14 v3.01 AMS font symbols
 (c:/texlive/2026/texmf-dist/tex/latex/amsfonts/amsfonts.sty
Package: amsfonts 2013/01/14 v3.01 Basic AMSFonts support
\symAMSa=\mathgroup4
\symAMSb=\mathgroup5
LaTeX Font Info:    Redeclaring math symbol \hbar on input line 98.
LaTeX Font Info:    Overwriting math alphabet `\mathfrak' in version `bold'
(Font)                  U/euf/m/n --> U/euf/b/n on input line 106.
)) (c:/texlive/2026/texmf-dist/tex/latex/booktabs/booktabs.sty
Package: booktabs 2020/01/12 v1.61803398 Publication quality tables
\heavyrulewidth=\dimen170
\lightrulewidth=\dimen171
\cmidrulewidth=\dimen172
\belowrulesep=\dimen173
\belowbottomsep=\dimen174
\aboverulesep=\dimen175
\abovetopsep=\dimen176
\cmidrulesep=\dimen177
\cmidrulekern=\dimen178
\defaultaddspace=\dimen179
\@cmidla=\count299
\@cmidlb=\count300
\@aboverulesep=\dimen180
\@belowrulesep=\dimen181
\@thisruleclass=\count301
\@lastruleclass=\count302
\@thisrulewidth=\dimen182
) (c:/texlive/2026/texmf-dist/tex/latex/float/float.sty
Package: float 2001/11/08 v1.3d Float enhancements (AL)
\c@float@type=\count303
\float@exts=\toks24
\float@box=\box55
\@float@everytoks=\toks25
\@floatcapt=\box56
) (c:/texlive/2026/texmf-dist/tex/latex/caption/caption.sty
Package: caption 2023/08/05 v3.6o Customizing captions (AR)
 (c:/texlive/2026/texmf-dist/tex/latex/caption/caption3.sty
Package: caption3 2023/07/31 v2.4d caption3 kernel (AR)
\caption@tempdima=\dimen183
\captionmargin=\dimen184
\caption@leftmargin=\dimen185
\caption@rightmargin=\dimen186
\caption@width=\dimen187
\caption@indent=\dimen188
\caption@parindent=\dimen189
\caption@hangindent=\dimen190
Package caption Info: Standard document class detected.
)
\c@caption@flags=\count304
\c@continuedfloat=\count305
Package caption Info: float package is loaded.
) (c:/texlive/2026/texmf-dist/tex/latex/hyperref/hyperref.sty
Package: hyperref 2026-06-17 v7.01r Hypertext links for LaTeX
 (c:/texlive/2026/texmf-dist/tex/latex/kvsetkeys/kvsetkeys.sty
Package: kvsetkeys 2022-10-05 v1.19 Key value parser (HO)
) (c:/texlive/2026/texmf-dist/tex/generic/kvdefinekeys/kvdefinekeys.sty
Package: kvdefinekeys 2019-12-19 v1.6 Define keys (HO)
) (c:/texlive/2026/texmf-dist/tex/generic/pdfescape/pdfescape.sty
Package: pdfescape 2019/12/09 v1.15 Implements pdfTeX's escape features (HO)
 (c:/texlive/2026/texmf-dist/tex/generic/ltxcmds/ltxcmds.sty
Package: ltxcmds 2023-12-04 v1.26 LaTeX kernel commands for general use (HO)
) (c:/texlive/2026/texmf-dist/tex/generic/pdftexcmds/pdftexcmds.sty
Package: pdftexcmds 2020-06-27 v0.33 Utility functions of pdfTeX for LuaTeX (HO)
 (c:/texlive/2026/texmf-dist/tex/generic/infwarerr/infwarerr.sty
Package: infwarerr 2019/12/03 v1.5 Providing info/warning/error messages (HO)
)
Package pdftexcmds Info: \pdf@primitive is available.
Package pdftexcmds Info: \pdf@ifprimitive is available.
Package pdftexcmds Info: \pdfdraftmode found.
)) (c:/texlive/2026/texmf-dist/tex/latex/hycolor/hycolor.sty
Package: hycolor 2020-01-27 v1.10 Color options for hyperref/bookmark (HO)
) (c:/texlive/2026/texmf-dist/tex/latex/hyperref/nameref.sty
Package: nameref 2026-01-29 v2.58 Cross-referencing by name of section
 (c:/texlive/2026/texmf-dist/tex/latex/refcount/refcount.sty
Package: refcount 2019/12/15 v3.6 Data extraction from label references (HO)
) (c:/texlive/2026/texmf-dist/tex/generic/gettitlestring/gettitlestring.sty
Package: gettitlestring 2019/12/15 v1.6 Cleanup title references (HO)
 (c:/texlive/2026/texmf-dist/tex/latex/kvoptions/kvoptions.sty
Package: kvoptions 2022-06-15 v3.15 Key value format for package options (HO)
))
\c@section@level=\count306
) (c:/texlive/2026/texmf-dist/tex/latex/etoolbox/etoolbox.sty
Package: etoolbox 2025/10/02 v2.5m e-TeX tools for LaTeX (JAW)
\etb@tempcnta=\count307
) (c:/texlive/2026/texmf-dist/tex/generic/stringenc/stringenc.sty
Package: stringenc 2019/11/29 v1.12 Convert strings between diff. encodings (HO)
)
\@linkdim=\dimen191
\Hy@linkcounter=\count308
\Hy@pagecounter=\count309
 (c:/texlive/2026/texmf-dist/tex/latex/hyperref/pd1enc.def
File: pd1enc.def 2026-06-17 v7.01r Hyperref: PDFDocEncoding definition (HO)
Now handling font encoding PD1 ...
... no UTF-8 mapping file for font encoding PD1
) (c:/texlive/2026/texmf-dist/tex/generic/intcalc/intcalc.sty
Package: intcalc 2019/12/15 v1.3 Expandable calculations with integers (HO)
)
\Hy@SavedSpaceFactor=\count310
 (c:/texlive/2026/texmf-dist/tex/latex/hyperref/puenc.def
File: puenc.def 2026-06-17 v7.01r Hyperref: PDF Unicode definition (HO)
Now handling font encoding PU ...
... no UTF-8 mapping file for font encoding PU
)
Package hyperref Info: Hyper figures OFF on input line 4199.
Package hyperref Info: Link nesting OFF on input line 4204.
Package hyperref Info: Hyper index ON on input line 4207.
Package hyperref Info: Plain pages OFF on input line 4214.
Package hyperref Info: Backreferencing OFF on input line 4219.
Package hyperref Info: Implicit mode ON; LaTeX internals redefined.
Package hyperref Info: Bookmarks ON on input line 4466.
\c@Hy@tempcnt=\count311
 (c:/texlive/2026/texmf-dist/tex/latex/url/url.sty
\Urlmuskip=\muskip18
Package: url 2013/09/16  ver 3.4  Verb mode for urls, etc.
)
LaTeX Info: Redefining \url on input line 4805.
\XeTeXLinkMargin=\dimen192
 (c:/texlive/2026/texmf-dist/tex/generic/bitset/bitset.sty
Package: bitset 2019/12/09 v1.3 Handle bit-vector datatype (HO)
 (c:/texlive/2026/texmf-dist/tex/generic/bigintcalc/bigintcalc.sty
Package: bigintcalc 2019/12/15 v1.5 Expandable calculations on big integers (HO)
))
\Fld@menulength=\count312
\Field@Width=\dimen193
\Fld@charsize=\dimen194
Package hyperref Info: Hyper figures OFF on input line 6091.
Package hyperref Info: Link nesting OFF on input line 6096.
Package hyperref Info: Hyper index ON on input line 6099.
Package hyperref Info: backreferencing OFF on input line 6106.
Package hyperref Info: Link coloring OFF on input line 6111.
Package hyperref Info: Link coloring with OCG OFF on input line 6116.
Package hyperref Info: PDF/A mode OFF on input line 6121.
\Hy@abspage=\count313
\c@Item=\count314
\c@Hfootnote=\count315
)
Package hyperref Info: Driver (autodetected): hpdftex.
 (c:/texlive/2026/texmf-dist/tex/latex/hyperref/hpdftex.def
File: hpdftex.def 2026-06-17 v7.01r Hyperref driver for pdfTeX
\Fld@listcount=\count316
\c@bookmark@seq@number=\count317
 (c:/texlive/2026/texmf-dist/tex/latex/rerunfilecheck/rerunfilecheck.sty
Package: rerunfilecheck 2025-06-21 v1.11 Rerun checks for auxiliary files (HO)
 (c:/texlive/2026/texmf-dist/tex/generic/uniquecounter/uniquecounter.sty
Package: uniquecounter 2019/12/15 v1.4 Provide unlimited unique counter (HO)
)
Package uniquecounter Info: New unique counter `rerunfilecheck' on input line 284.
)
\Hy@SectionHShift=\skip54
) (c:/texlive/2026/texmf-dist/tex/latex/ragged2e/ragged2e.sty
Package: ragged2e 2023/06/22 v3.6 ragged2e Package
\CenteringLeftskip=\skip55
\RaggedLeftLeftskip=\skip56
\RaggedRightLeftskip=\skip57
\CenteringRightskip=\skip58
\RaggedLeftRightskip=\skip59
\RaggedRightRightskip=\skip60
\CenteringParfillskip=\skip61
\RaggedLeftParfillskip=\skip62
\RaggedRightParfillskip=\skip63
\JustifyingParfillskip=\skip64
\CenteringParindent=\skip65
\RaggedLeftParindent=\skip66
\RaggedRightParindent=\skip67
\JustifyingParindent=\skip68
) (c:/texlive/2026/texmf-dist/tex/latex/setspace/setspace.sty
Package: setspace 2022/12/04 v6.7b set line spacing
) (c:/texlive/2026/texmf-dist/tex/latex/biblatex/biblatex.sty
Package: biblatex 2026/08/13 v3.22 programmable bibliographies (PK/MW)
 (c:/texlive/2026/texmf-dist/tex/latex/logreq/logreq.sty
Package: logreq 2010/08/04 v1.0 xml request logger
\lrq@indent=\count318
 (c:/texlive/2026/texmf-dist/tex/latex/logreq/logreq.def
File: logreq.def 2010/08/04 v1.0 logreq spec v1.0
)) (c:/texlive/2026/texmf-dist/tex/latex/base/ifthen.sty
Package: ifthen 2024/03/16 v1.1e Standard LaTeX ifthen package (DPC)
)
\c@tabx@nest=\count319
\c@listtotal=\count320
\c@listcount=\count321
\c@liststart=\count322
\c@liststop=\count323
\c@citecount=\count324
\c@citetotal=\count325
\c@multicitecount=\count326
\c@multicitetotal=\count327
\c@instcount=\count328
\c@maxnames=\count329
\c@minnames=\count330
\c@maxitems=\count331
\c@minitems=\count332
\c@citecounter=\count333
\c@maxcitecounter=\count334
\c@savedcitecounter=\count335
\c@uniquelist=\count336
\c@uniquename=\count337
\c@refsection=\count338
\c@refsegment=\count339
\c@maxextratitle=\count340
\c@maxextratitleyear=\count341
\c@maxextraname=\count342
\c@maxextradate=\count343
\c@maxextraalpha=\count344
\c@abbrvpenalty=\count345
\c@highnamepenalty=\count346
\c@lownamepenalty=\count347
\c@maxparens=\count348
\c@parenlevel=\count349
\blx@tempcnta=\count350
\blx@tempcntb=\count351
\blx@tempcntc=\count352
\c@blx@maxsection=\count353
\blx@maxsegment@0=\count354
\blx@notetype=\count355
\blx@parenlevel@text=\count356
\blx@parenlevel@foot=\count357
\blx@sectionciteorder@0=\count358
\blx@sectionciteorderinternal@0=\count359
\blx@entrysetcounter=\count360
\blx@biblioinstance=\count361
\labelnumberwidth=\skip69
\labelalphawidth=\skip70
\biblabelsep=\skip71
\bibitemsep=\skip72
\bibnamesep=\skip73
\bibinitsep=\skip74
\bibparsep=\skip75
\bibhang=\skip76
\blx@bcfin=\read2
\blx@bcfout=\write3
\blx@langwohyphens=\language91
\c@mincomprange=\count362
\c@maxcomprange=\count363
\c@mincompwidth=\count364
Package biblatex Info: Trying to load biblatex default data model...
Package biblatex Info: ... file 'blx-dm.def' found.
 (c:/texlive/2026/texmf-dist/tex/latex/biblatex/blx-dm.def
File: blx-dm.def 2026/08/13 v3.22 biblatex datamodel (PK/MW)
)
Package biblatex Info: Trying to load biblatex style data model...
Package biblatex Info: ... file 'apa.dbx' found.
 (c:/texlive/2026/texmf-dist/tex/latex/biblatex-apa/apa.dbx
File: apa.dbx 2025/08/27 v9.20 APA biblatex style data model
)
Package biblatex Info: Trying to load biblatex custom data model...
Package biblatex Info: ... file 'biblatex-dm.cfg' not found.
\c@afterword=\count365
\c@savedafterword=\count366
\c@annotator=\count367
\c@savedannotator=\count368
\c@author=\count369
\c@savedauthor=\count370
\c@bookauthor=\count371
\c@savedbookauthor=\count372
\c@commentator=\count373
\c@savedcommentator=\count374
\c@editor=\count375
\c@savededitor=\count376
\c@editora=\count377
\c@savededitora=\count378
\c@editorb=\count379
\c@savededitorb=\count380
\c@editorc=\count381
\c@savededitorc=\count382
\c@foreword=\count383
\c@savedforeword=\count384
\c@holder=\count385
\c@savedholder=\count386
\c@introduction=\count387
\c@savedintroduction=\count388
\c@namea=\count389
\c@savednamea=\count390
\c@nameb=\count391
\c@savednameb=\count392
\c@namec=\count393
\c@savednamec=\count394
\c@translator=\count395
\c@savedtranslator=\count396
\c@shortauthor=\count397
\c@savedshortauthor=\count398
\c@shorteditor=\count399
\c@savedshorteditor=\count400
\c@narrator=\count401
\c@savednarrator=\count402
\c@execproducer=\count403
\c@savedexecproducer=\count404
\c@execdirector=\count405
\c@savedexecdirector=\count406
\c@with=\count407
\c@savedwith=\count408
\c@labelname=\count409
\c@savedlabelname=\count410
\c@institution=\count411
\c@savedinstitution=\count412
\c@lista=\count413
\c@savedlista=\count414
\c@listb=\count415
\c@savedlistb=\count416
\c@listc=\count417
\c@savedlistc=\count418
\c@listd=\count419
\c@savedlistd=\count420
\c@liste=\count421
\c@savedliste=\count422
\c@listf=\count423
\c@savedlistf=\count424
\c@location=\count425
\c@savedlocation=\count426
\c@organization=\count427
\c@savedorganization=\count428
\c@origlocation=\count429
\c@savedoriglocation=\count430
\c@origpublisher=\count431
\c@savedorigpublisher=\count432
\c@publisher=\count433
\c@savedpublisher=\count434
\c@language=\count435
\c@savedlanguage=\count436
\c@origlanguage=\count437
\c@savedoriglanguage=\count438
\c@citation=\count439
\c@savedcitation=\count440
\c@pageref=\count441
\c@savedpageref=\count442
\shorthandwidth=\skip77
\shortjournalwidth=\skip78
\shortserieswidth=\skip79
\shorttitlewidth=\skip80
\shortauthorwidth=\skip81
\shorteditorwidth=\skip82
\locallabelnumberwidth=\skip83
\locallabelalphawidth=\skip84
\localshorthandwidth=\skip85
\localshortjournalwidth=\skip86
\localshortserieswidth=\skip87
\localshorttitlewidth=\skip88
\localshortauthorwidth=\skip89
\localshorteditorwidth=\skip90
Package biblatex Info: Trying to load compatibility code...
Package biblatex Info: ... file 'blx-compat.def' found.
 (c:/texlive/2026/texmf-dist/tex/latex/biblatex/blx-compat.def
File: blx-compat.def 2026/08/13 v3.22 biblatex compatibility (PK/MW)
)
Package biblatex Info: Trying to load generic definitions...
Package biblatex Info: ... file 'biblatex.def' found.
 (c:/texlive/2026/texmf-dist/tex/latex/biblatex/biblatex.def
File: biblatex.def 2026/08/13 v3.22 biblatex compatibility (PK/MW)
\c@textcitecount=\count443
\c@textcitetotal=\count444
\c@textcitemaxnames=\count445
\c@biburlbigbreakpenalty=\count446
\c@biburlbreakpenalty=\count447
\c@biburlnumpenalty=\count448
\c@biburlucpenalty=\count449
\c@biburllcpenalty=\count450
\biburlbigskip=\muskip19
\biburlnumskip=\muskip20
\biburlucskip=\muskip21
\biburllcskip=\muskip22
\c@smartand=\count451
)
Package biblatex Info: Trying to load bibliography style 'apa'...
Package biblatex Info: ... file 'apa.bbx' found.
 (c:/texlive/2026/texmf-dist/tex/latex/biblatex-apa/apa.bbx
File: apa.bbx 2025/08/27 v9.20 APA biblatex references style
Package biblatex Info: Trying to load bibliography style 'standard'...
Package biblatex Info: ... file 'standard.bbx' found.
 (c:/texlive/2026/texmf-dist/tex/latex/biblatex/bbx/standard.bbx
File: standard.bbx 2026/08/13 v3.22 biblatex bibliography style (PK/MW)
\c@bbx:relatedcount=\count452
\c@bbx:relatedtotal=\count453
)
Package biblatex Info: Delimiter 'nameyeardelim' in context 'bib' already defined, overwriting.
Package biblatex Info: Delimiter 'nameyeardelim' in context 'biblist' already defined, overwriting.
Package biblatex Info: Delimiter 'nonameyeardelim' in context 'bib' already defined, overwriting.
Package biblatex Info: Delimiter 'nonameyeardelim' in context 'biblist' already defined, overwriting.
)
Package biblatex Info: Trying to load citation style 'apa'...
Package biblatex Info: ... file 'apa.cbx' found.
 (c:/texlive/2026/texmf-dist/tex/latex/biblatex-apa/apa.cbx
File: apa.cbx 2025/08/27 v9.20 APA biblatex citation style
Package biblatex Info: Delimiter 'nameyeardelim' in context '' already defined, overwriting.
Package biblatex Info: Delimiter 'andothersdelim' in context '' already defined, overwriting.
Package biblatex Info: Redefining '\fullcite'.
Package biblatex Info: Redefining '\citeauthor'.
Package biblatex Info: Redefining '\citeyear'.
Package biblatex Info: Redefining '\cite'.
Package biblatex Info: Redefining '\cites'.
Package biblatex Info: Redefining '\parencite'.
Package biblatex Info: Redefining '\parencites'.
Package biblatex Info: Redefining '\footcite'.
Package biblatex Info: Redefining '\footcites'.
Package biblatex Info: Redefining '\footcitetext'.
Package biblatex Info: Redefining '\footcitetexts'.
Package biblatex Info: Redefining '\smartcite'.
Package biblatex Info: Redefining '\smartcites'.
Package biblatex Info: Redefining '\textcite'.
Package biblatex Info: Redefining '\textcites'.
)
Package biblatex Info: Trying to load configuration file...
Package biblatex Info: ... file 'biblatex.cfg' found.
 (c:/texlive/2026/texmf-dist/tex/latex/biblatex/biblatex.cfg
File: biblatex.cfg 
)
Package biblatex Info: Input encoding 'utf8' detected.
Package biblatex Info: Document encoding is UTF8 ....
 (c:/texlive/2026/texmf-dist/tex/latex/l3kernel/expl3.sty
Package: expl3 2026-08-10 L3 programming layer (loader) 
 (c:/texlive/2026/texmf-dist/tex/latex/l3kernel/l3backend-pdftex.def
File: l3backend-pdftex.def 2026-08-10 L3 backend support: PDF output (pdfTeX)
\l__color_backend_stack_int=\count454
))
Package biblatex Info: ... and expl3
(biblatex)             2026-08-10 L3 programming layer (loader) 
(biblatex)             is new enough (at least 2020/04/06),
(biblatex)             setting 'casechanger=expl3'.
 (c:/texlive/2026/texmf-dist/tex/latex/biblatex/blx-case-expl3.sty (c:/texlive/2026/texmf-dist/tex/latex/l3packages/xparse/xparse.sty
Package: xparse 2025-10-09 L3 Experimental document command parser
)
Package: blx-case-expl3 2026/08/13 v3.22 expl3 case changing code for biblatex
))
Package hyperref Info: Option `colorlinks' set `true' on input line 46.
\@quotelevel=\count455
\@quotereset=\count456
 (./main.aux)
\openout1 = `main.aux'.

LaTeX Font Info:    Checking defaults for OML/cmm/m/it on input line 69.
LaTeX Font Info:    ... okay on input line 69.
LaTeX Font Info:    Checking defaults for OMS/cmsy/m/n on input line 69.
LaTeX Font Info:    ... okay on input line 69.
LaTeX Font Info:    Checking defaults for OT1/cmr/m/n on input line 69.
LaTeX Font Info:    ... okay on input line 69.
LaTeX Font Info:    Checking defaults for T1/cmr/m/n on input line 69.
LaTeX Font Info:    ... okay on input line 69.
LaTeX Font Info:    Checking defaults for TS1/cmr/m/n on input line 69.
LaTeX Font Info:    ... okay on input line 69.
LaTeX Font Info:    Checking defaults for OMX/cmex/m/n on input line 69.
LaTeX Font Info:    ... okay on input line 69.
LaTeX Font Info:    Checking defaults for U/cmr/m/n on input line 69.
LaTeX Font Info:    ... okay on input line 69.
LaTeX Font Info:    Checking defaults for PD1/pdf/m/n on input line 69.
LaTeX Font Info:    ... okay on input line 69.
LaTeX Font Info:    Checking defaults for PU/pdf/m/n on input line 69.
LaTeX Font Info:    ... okay on input line 69.

*geometry* driver: auto-detecting
*geometry* detected driver: pdftex
*geometry* verbose mode - [ preamble ] result:
* driver: pdftex
* paper: a4paper
* layout: <same size as paper>
* layoutoffset:(h,v)=(0.0pt,0.0pt)
* modes: 
* h-part:(L,W,R)=(72.26997pt, 452.96793pt, 72.26997pt)
* v-part:(T,H,B)=(72.26997pt, 700.5069pt, 72.26997pt)
* \paperwidth=597.50787pt
* \paperheight=845.04684pt
* \textwidth=452.96793pt
* \textheight=700.5069pt
* \oddsidemargin=-0.00002pt
* \evensidemargin=-0.00002pt
* \topmargin=-37.00002pt
* \headheight=12.0pt
* \headsep=25.0pt
* \topskip=12.0pt
* \footskip=30.0pt
* \marginparwidth=35.0pt
* \marginparsep=10.0pt
* \columnsep=10.0pt
* \skip\footins=10.8pt plus 4.0pt minus 2.0pt
* \hoffset=0.0pt
* \voffset=0.0pt
* \mag=1000
* \@twocolumnfalse
* \@twosidefalse
* \@mparswitchfalse
* \@reversemarginfalse
* (1in=72.27pt=25.4mm, 1cm=28.453pt)

(c:/texlive/2026/texmf-dist/tex/context/base/mkii/supp-pdf.mkii
[Loading MPS to PDF converter (version 2006.09.02).]
\scratchcounter=\count457
\scratchdimen=\dimen195
\scratchbox=\box57
\nofMPsegments=\count458
\nofMParguments=\count459
\everyMPshowfont=\toks26
\MPscratchCnt=\count460
\MPscratchDim=\dimen196
\MPnumerator=\count461
\makeMPintoPDFobject=\count462
\everyMPtoPDFconversion=\toks27
) (c:/texlive/2026/texmf-dist/tex/latex/epstopdf-pkg/epstopdf-base.sty
Package: epstopdf-base 2020-01-24 v2.11 Base part for package epstopdf
Package epstopdf-base Info: Redefining graphics rule for `.eps' on input line 485.
 (c:/texlive/2026/texmf-dist/tex/latex/latexconfig/epstopdf-sys.cfg
File: epstopdf-sys.cfg 2010/07/13 v1.3 Configuration of (r)epstopdf for TeX Live
))
Package caption Info: Begin \AtBeginDocument code.
Package caption Info: hyperref package is loaded.
Package caption Info: End \AtBeginDocument code.
 (c:/texlive/2026/texmf-dist/tex/latex/graphics/color.sty
Package: color 2026-05-17 v1.3f Standard LaTeX Color (DPC)
 (c:/texlive/2026/texmf-dist/tex/latex/graphics-cfg/color.cfg
File: color.cfg 2016/01/02 v1.6 sample color configuration
)
Package color Info: Driver file: pdftex.def on input line 149.
 (c:/texlive/2026/texmf-dist/tex/latex/graphics/mathcolor.ltx))
Package hyperref Info: Link coloring ON on input line 69.
\@outlinefile=\write4
\openout4 = `main.out'.

Package biblatex Info: Trying to load language 'english' -> 'english-apa'...
Package biblatex Info: ... file 'english-apa.lbx' found.
 (c:/texlive/2026/texmf-dist/tex/latex/biblatex-apa/english-apa.lbx
File: english-apa.lbx 2025/08/27 v9.20 APA biblatex localisation
Package biblatex Info: Trying to load language 'english'...
Package biblatex Info: ... file 'english.lbx' found.
 (c:/texlive/2026/texmf-dist/tex/latex/biblatex/lbx/english.lbx
File: english.lbx 2026/08/13 v3.22 biblatex localization (PK/MW)
)
Package biblatex Info: Trying to load language 'american' -> 'american-apa'...
Package biblatex Info: ... file 'american-apa.lbx' found.
 (c:/texlive/2026/texmf-dist/tex/latex/biblatex-apa/american-apa.lbx
File: american-apa.lbx 2025/08/27 v9.20 APA biblatex localisation
Package biblatex Info: Trying to load language 'american'...
Package biblatex Info: ... file 'american.lbx' found.
 (c:/texlive/2026/texmf-dist/tex/latex/biblatex/lbx/american.lbx
File: american.lbx 2026/08/13 v3.22 biblatex localization (PK/MW)
Package biblatex Info: Trying to load language 'english'...
Package biblatex Info: ... file 'english.lbx' found.
 (c:/texlive/2026/texmf-dist/tex/latex/biblatex/lbx/english.lbx
File: english.lbx 2026/08/13 v3.22 biblatex localization (PK/MW)
))))
Package biblatex Info: Input encoding 'utf8' detected.
Package biblatex Info: Automatic encoding selection.
(biblatex)             Assuming data encoding 'utf8'.
\openout3 = `main.bcf'.

Package biblatex Info: Trying to load bibliographic data...
Package biblatex Info: ... file 'main.bbl' not found.

No file main.bbl.
Package biblatex Info: Reference section=0 on input line 69.
Package biblatex Info: Reference segment=0 on input line 69.

LaTeX Font Warning: Font shape `OT1/cmr/m/n' in size <18> not available
(Font)              size <17.28> substituted on input line 73.


LaTeX Font Warning: Font shape `OT1/cmr/bx/n' in size <18> not available
(Font)              size <17.28> substituted on input line 73.

[1

{c:/texlive/2026/texmf-var/fonts/map/pdftex/updmap/pdftex.map}{c:/texlive/2026/texmf-dist/fonts/enc/dvips/cm-super/cm-super-ts1.enc}]
No file main.toc.
\tf@toc=\write5
\openout5 = `main.toc'.

[2]

LaTeX Warning: Citation 'smith2024' on page 3 undefined on input line 181.


LaTeX Warning: Citation 'smith2024' on page 3 undefined on input line 184.


LaTeX Warning: Citation 'lee2023' on page 3 undefined on input line 184.


LaTeX Warning: Citation 'ahmad2022' on page 3 undefined on input line 184.

[3] [4]
Underfull \hbox (badness 10000) in paragraph at lines 296--297

 []

[5]
LaTeX Font Info:    Trying to load font information for U+msa on input line 349.
 (c:/texlive/2026/texmf-dist/tex/latex/amsfonts/umsa.fd
File: umsa.fd 2013/01/14 v3.01 AMS symbols A
)
LaTeX Font Info:    Trying to load font information for U+msb on input line 349.
 (c:/texlive/2026/texmf-dist/tex/latex/amsfonts/umsb.fd
File: umsb.fd 2013/01/14 v3.01 AMS symbols B
)
<figures/Prisma.jpg, id=36, 314.3745pt x 351.05153pt>
File: figures/Prisma.jpg Graphic file (type jpg)
<use figures/Prisma.jpg>
Package pdftex.def Info: figures/Prisma.jpg  used on input line 404.
(pdftex.def)             Requested size: 362.37572pt x 404.68637pt.
 [6] [7 <./figures/Prisma.jpg>]

LaTeX Warning: Citation 'ilyas2024role' on page 8 undefined on input line 461.


LaTeX Warning: Citation 'hassan2025' on page 8 undefined on input line 467.


LaTeX Warning: Citation 'sharma2024digital' on page 8 undefined on input line 473.


LaTeX Warning: Citation 'ARIF2025104296' on page 8 undefined on input line 480.


LaTeX Warning: Citation 'vaddi2024enhancements' on page 8 undefined on input line 495.


LaTeX Warning: Citation 'vaddi2024enhancements' on page 8 undefined on input line 495.


Overfull \hbox (8.78923pt too wide) in paragraph at lines 495--496
[]\OT1/cmr/bx/n/12 General Evo-lu-tion and AI In-te-gra-tion \OT1/cmr/m/n/12 : Re-search by []
 []


LaTeX Warning: Citation 'alenezi2023digital' on page 8 undefined on input line 496.


LaTeX Warning: Citation 'alenezi2023digital' on page 8 undefined on input line 496.

[8]

LaTeX Warning: Citation 'vaddi2024enhancements' on page 9 undefined on input line 509.


LaTeX Warning: Citation 'alenezi2023digital' on page 9 undefined on input line 510.


LaTeX Warning: Citation 'ilyas2024role' on page 9 undefined on input line 544.


LaTeX Warning: Citation 'hassan2025' on page 9 undefined on input line 545.


LaTeX Warning: Citation 'ARIF2025104296' on page 9 undefined on input line 546.


LaTeX Warning: Citation 'ilyas2024role' on page 9 undefined on input line 551.

[9]

LaTeX Warning: Citation 'hassan2025' on page 10 undefined on input line 559.


Overfull \hbox (135.63443pt too wide) in paragraph at lines 566--604
[][] 
 []


LaTeX Warning: Citation 'vaddi2024enhancements' on page 10 undefined on input line 614.


LaTeX Warning: Citation 'vaddi2024enhancements' on page 10 undefined on input line 614.


LaTeX Warning: Citation 'alenezi2023digital' on page 10 undefined on input line 615.


LaTeX Warning: Citation 'vaddi2024enhancements' on page 10 undefined on input line 620.


LaTeX Warning: Citation 'vaddi2024enhancements' on page 10 undefined on input line 620.

[10]

LaTeX Warning: Citation 'alenezi2023digital' on page 11 undefined on input line 621.


LaTeX Warning: Citation 'alenezi2023digital' on page 11 undefined on input line 621.


LaTeX Warning: Citation 'vaddi2024enhancements' on page 11 undefined on input line 626.


LaTeX Warning: Citation 'vaddi2024enhancements' on page 11 undefined on input line 626.


Overfull \hbox (9.1117pt too wide) in paragraph at lines 626--627
[]\OT1/cmr/bx/n/12 Chain of Cus-tody\OT1/cmr/m/n/12 : [] present a forensic-chain frame-
 []


LaTeX Warning: Citation 'vaddi2024enhancements' on page 11 undefined on input line 627.


LaTeX Warning: Citation 'alenezi2023digital' on page 11 undefined on input line 631.


LaTeX Warning: Citation 'vaddi2024enhancements' on page 11 undefined on input line 631.


Overfull \hbox (4.601pt too wide) in paragraph at lines 630--632
\OT1/cmr/m/n/12 of net-work tools not ex-ten-sively cov-ered in the AI-centric []
 []


LaTeX Warning: Citation 'alenezi2023digital' on page 11 undefined on input line 633.


c:/Users/themo/Downloads/Research_Methodology_Assignment_1/main.tex:634: LaTeX Error: Something's wrong--perhaps a missing \item.

See the LaTeX manual or LaTeX Companion for explanation.
Type  H <return>  for immediate help.
 ...                                              
                                                  
l.634 \item \textbf
                   {Flow Analysis}: NetFlow and sFlow for detecting DoS and ...
Try typing  <return>  to proceed.
If that doesn't work, type  X <return>  to quit.


LaTeX Warning: Citation 'alenezi2023digital' on page 11 undefined on input line 635.


LaTeX Warning: Citation 'ilyas2024role' on page 11 undefined on input line 643.


LaTeX Warning: Citation 'sharma2024digital' on page 11 undefined on input line 644.


LaTeX Warning: Citation 'hassan2025' on page 11 undefined on input line 645.


LaTeX Warning: Citation 'vaddi2024enhancements' on page 11 undefined on input line 651.


LaTeX Warning: Citation 'vaddi2024enhancements' on page 11 undefined on input line 651.


LaTeX Warning: Citation 'vaddi2024enhancements' on page 11 undefined on input line 652.


Overfull \hbox (24.77995pt too wide) in paragraph at lines 652--653
\OT1/cmr/m/n/12 trac-tion of ev-i-den-tiary el-e-ments through video en-hance-ment []. 
 []

[11]

LaTeX Warning: Citation 'alenezi2023digital' on page 12 undefined on input line 653.


LaTeX Warning: Citation 'alenezi2023digital' on page 12 undefined on input line 653.


Overfull \hbox (63.38611pt too wide) in paragraph at lines 653--654
\OT1/cmr/m/n/12 location-based ser-vices, which com-pli-cates cor-re-la-tion and re-con-struc-tion ([]). 
 []


LaTeX Warning: Citation 'sharma2024digital' on page 12 undefined on input line 659.


LaTeX Warning: Citation 'ilyas2024role' on page 12 undefined on input line 660.


LaTeX Warning: Citation 'hassan2025' on page 12 undefined on input line 661.


LaTeX Warning: Citation 'vaddi2024enhancements' on page 12 undefined on input line 674.


LaTeX Warning: Citation 'alenezi2023digital' on page 12 undefined on input line 675.

c:/Users/themo/Downloads/Research_Methodology_Assignment_1/main.tex:675: Extra alignment tab has been changed to \cr.
<recently read> \endtemplate 
                             
l.675 ...ering\textbf{\cite{alenezi2023digital}} &
                                                  
You have given more \span or & marks than there were
in the preamble to the \halign or \valign now in progress.
So I'll assume that you meant to type \cr instead.

[12]

LaTeX Warning: Citation 'hassan2025' on page 13 undefined on input line 713.


LaTeX Warning: Citation 'ilyas2024role' on page 13 undefined on input line 714.


LaTeX Warning: Citation 'hassan2025' on page 13 undefined on input line 717.


LaTeX Warning: Citation 'ARIF2025104296' on page 13 undefined on input line 718.


LaTeX Warning: Citation 'sharma2024digital' on page 13 undefined on input line 718.


Overfull \hbox (61.51392pt too wide) in paragraph at lines 718--719
\OT1/cmr/m/n/12 har-mo-nized le-gal frame-works makes cross-border ev-i-dence shar-ing dif-fi-cult ([];
 []


LaTeX Warning: Citation 'hassan2025' on page 13 undefined on input line 719.


Overfull \hbox (4.07257pt too wide) in paragraph at lines 719--720
\OT1/cmr/m/n/12 op-ment of foren-sic stan-dards, par-tic-u-larly in the IoT and cloud sec-tors []). 
 []


LaTeX Warning: Citation 'sharma2024digital' on page 13 undefined on input line 720.


LaTeX Warning: Citation 'alenezi2023digital' on page 13 undefined on input line 726.


LaTeX Warning: Citation 'vaddi2024enhancements' on page 13 undefined on input line 727.


LaTeX Warning: Citation 'alenezi2023digital' on page 13 undefined on input line 728.


Overfull \hbox (32.96698pt too wide) in paragraph at lines 728--729
\OT1/cmr/m/n/12 ev-i-dence in a "foren-si-cally sound man-ner" be-fore an in-ci-dent oc-curs ([]). 
 []


LaTeX Warning: Citation 'vaddi2024enhancements' on page 13 undefined on input line 730.


LaTeX Warning: Citation 'alenezi2023digital' on page 13 undefined on input line 730.


Overfull \hbox (7.79178pt too wide) in paragraph at lines 730--731
\OT1/cmr/m/n/12 an error-free frame-work, not-ing the per-sis-tence of false pos-i-tives. []
 []


LaTeX Warning: Citation 'alenezi2023digital' on page 13 undefined on input line 731.


LaTeX Warning: Citation 'alenezi2023digital' on page 13 undefined on input line 732.


LaTeX Warning: Citation 'vaddi2024enhancements' on page 13 undefined on input line 732.


Overfull \hbox (13.2816pt too wide) in paragraph at lines 732--733
\OT1/cmr/m/n/12 tial ma-te-rial and hu-man re-sources ([]; []). 
 []

[13]

LaTeX Warning: Citation 'sanna2025improving' on page 14 undefined on input line 739.


LaTeX Warning: Citation '11385975' on page 14 undefined on input line 739.


Overfull \hbox (46.2777pt too wide) in paragraph at lines 739--740
\OT1/cmr/m/n/12 en-hanc-ing the speed, ac-cu-racy, and depth of cy-ber-se-cu-rity in-ves-ti-ga-tions. ([];
 []


LaTeX Warning: Citation '11385975' on page 14 undefined on input line 747.


LaTeX Warning: Citation 'sanna2025improving' on page 14 undefined on input line 748.


LaTeX Warning: Citation '11385975' on page 14 undefined on input line 748.


LaTeX Warning: Citation '11166697' on page 14 undefined on input line 749.


LaTeX Warning: Citation 'sanna2025improving' on page 14 undefined on input line 749.


LaTeX Warning: Citation 'sanna2025improving' on page 14 undefined on input line 763.


LaTeX Warning: Citation '11385975' on page 14 undefined on input line 764.


LaTeX Warning: Citation '11166697' on page 14 undefined on input line 765.


Overfull \hbox (135.63443pt too wide) in paragraph at lines 760--798
[][] 
 []

[14]

LaTeX Warning: Citation 'sanna2025improving' on page 15 undefined on input line 808.


LaTeX Warning: Citation 'sanna2025improving' on page 15 undefined on input line 812.


LaTeX Warning: Citation 'sanna2025improving' on page 15 undefined on input line 819.


Overfull \hbox (3.89105pt too wide) in paragraph at lines 819--820
\OT1/cmr/m/n/12 from an-a-lysts view-ing sen-si-tive and ex-plicit ma-te-ri-als ([]). 
 []


LaTeX Warning: Citation '11385975' on page 15 undefined on input line 821.


LaTeX Warning: Citation 'sanna2025improving' on page 15 undefined on input line 823.


LaTeX Warning: Citation 'sanna2025improving' on page 15 undefined on input line 828.

[15]

LaTeX Warning: Citation '11385975' on page 16 undefined on input line 834.


Overfull \hbox (135.63443pt too wide) in paragraph at lines 841--879
[][] 
 []


LaTeX Warning: Citation '11385975' on page 16 undefined on input line 882.


LaTeX Warning: Citation 'sanna2025improving' on page 16 undefined on input line 890.


LaTeX Warning: Citation '11166697' on page 16 undefined on input line 899.

[16]

LaTeX Warning: Citation '11385975' on page 17 undefined on input line 902.


LaTeX Warning: Citation '11166697' on page 17 undefined on input line 910.


LaTeX Warning: Citation '11385975' on page 17 undefined on input line 910.


LaTeX Warning: Citation '11166697' on page 17 undefined on input line 912.


LaTeX Warning: Citation 'sanna2025improving' on page 17 undefined on input line 914.


LaTeX Warning: Citation '11166697' on page 17 undefined on input line 916.


LaTeX Warning: Citation '11480014' on page 17 undefined on input line 923.


LaTeX Warning: Citation 'SINGH2025103632' on page 17 undefined on input line 929.


LaTeX Warning: Citation 'SINGH2025103632' on page 17 undefined on input line 929.


LaTeX Warning: Citation 'SINGH2025103632' on page 17 undefined on input line 929.

[17]

LaTeX Warning: Citation '11480014' on page 18 undefined on input line 933.


LaTeX Warning: Citation '11480014' on page 18 undefined on input line 935.


LaTeX Warning: Citation 'SINGH2025103632' on page 18 undefined on input line 958.


LaTeX Warning: Citation 'SINGH2025103632' on page 18 undefined on input line 965.


LaTeX Warning: Citation '11480014' on page 18 undefined on input line 972.


LaTeX Warning: Citation 'SINGH2025103632' on page 18 undefined on input line 979.


LaTeX Warning: Citation '11480014' on page 18 undefined on input line 986.


Overfull \hbox (135.63443pt too wide) in paragraph at lines 947--992
[][] 
 []


LaTeX Warning: Citation '11480014' on page 18 undefined on input line 996.


LaTeX Warning: Citation 'SINGH2025103632' on page 18 undefined on input line 996.


LaTeX Warning: Citation 'SINGH2025103632' on page 18 undefined on input line 996.


LaTeX Warning: Citation 'SINGH2025103632' on page 18 undefined on input line 1001.


LaTeX Warning: Citation '11480014' on page 18 undefined on input line 1001.

[18]

LaTeX Warning: Citation '11480014' on page 19 undefined on input line 1003.


LaTeX Warning: Citation 'SINGH2025103632' on page 19 undefined on input line 1003.


LaTeX Warning: Citation 'SINGH2025103632' on page 19 undefined on input line 1012.


LaTeX Warning: Citation 'SINGH2025103632' on page 19 undefined on input line 1013.


Overfull \hbox (2.40508pt too wide) in paragraph at lines 1013--1014
[]\OT1/cmr/bx/n/12 Adversarial At-tacks\OT1/cmr/m/n/12 : At-tack-ers can add \OT1/cmr/bx/n/12 in-ten-tional per-tur-ba-tions \OT1/cmr/m/n/12 (noise)
 []


LaTeX Warning: Citation 'SINGH2025103632' on page 19 undefined on input line 1019.


LaTeX Warning: Citation 'SINGH2025103632' on page 19 undefined on input line 1020.


LaTeX Warning: Citation 'SINGH2025103632' on page 19 undefined on input line 1027.


LaTeX Warning: Citation 'SINGH2025103632' on page 19 undefined on input line 1027.


LaTeX Warning: Citation 'SINGH2025103632' on page 19 undefined on input line 1027.


LaTeX Warning: Citation 'SINGH2025103632' on page 19 undefined on input line 1030.


LaTeX Warning: Citation '11480014' on page 19 undefined on input line 1030.


LaTeX Warning: Citation 'SINGH2025103632' on page 19 undefined on input line 1030.

[19] [20]

LaTeX Warning: Reference `sec:research-gaps' on page 21 undefined on input line 1204.

[21] [22]

LaTeX Warning: Empty bibliography on input line 1260.


Overfull \hbox (3.58426pt too wide) in paragraph at lines 1305--1305
 []\OT1/cmr/bx/n/10 Methodology| 
 []


Overfull \hbox (21.16661pt too wide) in paragraph at lines 1306--1306
 []\OT1/cmr/bx/n/10 Dataset/Sample| 
 []


Overfull \hbox (95.43106pt too wide) in paragraph at lines 1299--1330
[][] 
 []

[23] [24] (./main.aux)
 ***********
LaTeX2e <2026-06-01>
L3 programming layer <2026-08-10>
 ***********


LaTeX Font Warning: Size substitutions with differences
(Font)              up to 0.72pt have occurred.


LaTeX Warning: There were undefined references.


LaTeX Warning: Label(s) may have changed. Rerun to get cross-references right.


Package rerunfilecheck Warning: File `main.out' has changed.
(rerunfilecheck)                Rerun to get outlines right
(rerunfilecheck)                or use package `bookmark'.

Package rerunfilecheck Info: Checksums for `main.out':
(rerunfilecheck)             Before: <no file>
(rerunfilecheck)             After:  444D8ACDC72E63A38F56DA9015AF650A;11133.

Package biblatex Warning: Please (re)run Biber on the file:
(biblatex)                main
(biblatex)                and rerun LaTeX afterwards.

Package logreq Info: Writing requests to 'main.run.xml'.
\openout1 = `main.run.xml'.

 ) 
Here is how much of TeX's memory you used:
 19988 strings out of 467099
 350348 string characters out of 5412503
 1299812 words of memory out of 5000000
 49010 multiletter control sequences out of 15000+600000
 636527 words of font info for 74 fonts, out of 8000000 for 9000
 1141 hyphenation exceptions out of 8191
 74i,10n,79p,971b,5052s stack positions out of 10000i,1000n,20000p,200000b,200000s
<c:/texlive/2026/texmf-dist/fonts/type1/public/amsfonts/cm/cmbx10.pfb><c:/texlive/2026/texmf-dist/fonts/type1/public/amsfonts/cm/cmbx12.pfb><c:/texlive/2026/texmf-dist/fonts/type1/public/amsfonts/cm/cmr10.pfb><c:/texlive/2026/texmf-dist/fonts/type1/public/amsfonts/cm/cmr12.pfb><c:/texlive/2026/texmf-dist/fonts/type1/public/amsfonts/cm/cmr9.pfb><c:/texlive/2026/texmf-dist/fonts/type1/public/amsfonts/symbols/msam10.pfb><c:/texlive/2026/texmf-dist/fonts/type1/public/cm-super/sfrm1200.pfb>
Output written on main.pdf (24 pages, 523263 bytes).
PDF statistics:
 255 PDF objects out of 1000 (max. 8388607)
 211 compressed objects within 3 object streams
 109 named destinations out of 1000 (max. 500000)
 6 words of extra memory for PDF output out of 10000 (max. 10000000)

